// Jest Snapshot v1, https://goo.gl/fbAQLP

exports[`Pruebas en el componente: <AddCategory /> Debe de renderizarse y mostrarse correctamente. 1`] = `
<form
  onSubmit={[Function]}
>
  <p />
  <input
    onChange={[Function]}
    placeholder="Escribe..."
    type="text"
    value=""
  />
</form>
`;
