// Jest Snapshot v1, https://goo.gl/fbAQLP

exports[`Pruebas en el componente <GifGridItem /> Debe de renderizar y mostrar el componente correctamente. 1`] = `
<div
  className="card animate__animated animate__pulse"
>
  <img
    alt="Some title"
    src="https://somelink.com/isnotreal"
  />
  <p>
    Some title
  </p>
</div>
`;
